Hello from AdiLang v0.17.0!\nAppending an extra line to the stream.\n